init-db exit=0 {"command":"init-db","data":{"database_path":"<root>/.pellets/pellets.db"},"schema_version":1}
project-list-empty exit=0 {"command":"project list","data":[],"schema_version":1}
project-show exit=0 {"command":"project show","data":{"code":"repository","created_at":"<timestamp>","git_common_dir":"repository ü/.git","git_common_dir_relative":true,"redirects":[],"updated_at":"<timestamp>","workspaces":[{"created_at":"<timestamp>","git_dir":"repository ü/.git","git_dir_relative":true,"id":1,"root_path":"repository ü","root_path_relative":true,"updated_at":"<timestamp>"}]},"schema_version":1}
project-list exit=0 {"command":"project list","data":[{"code":"repository","created_at":"<timestamp>","git_common_dir":"repository ü/.git","git_common_dir_relative":true,"redirects":[],"updated_at":"<timestamp>","workspaces":[{"created_at":"<timestamp>","git_dir":"repository ü/.git","git_dir_relative":true,"id":1,"root_path":"repository ü","root_path_relative":true,"updated_at":"<timestamp>"}]}],"schema_version":1}
project-rename exit=0 {"command":"project rename","data":{"previous_code":"repository","project":{"code":"renamed","created_at":"<timestamp>","git_common_dir":"repository ü/.git","git_common_dir_relative":true,"redirects":[{"code":"repository","created_at":"<timestamp>","updated_at":"<timestamp>"}],"updated_at":"<timestamp>","workspaces":[{"created_at":"<timestamp>","git_dir":"repository ü/.git","git_dir_relative":true,"id":1,"root_path":"repository ü","root_path_relative":true,"updated_at":"<timestamp>"}]},"removed_redirects":[],"status":"renamed"},"schema_version":1}
skill-install exit=0 {"command":"skill install","data":{"agent":"codex","scope":"personal","status":"installed","targets":[{"agent":"codex","path":"<root>/personal home/.agents/skills/pellets/SKILL.md","result":"installed"}]},"schema_version":1}
web exit=0 http://127.0.0.1:43123
