init-db-error exit=2 {"error":{"code":"project_not_allowed","details":{"command":"init-db"},"message":"--project is not valid for init-db"},"schema_version":1}
project-list-error exit=2 {"error":{"code":"unexpected_argument","details":{"argument":"extra"},"message":"unexpected argument \"extra\""},"schema_version":1}
project-show-error exit=2 {"error":{"code":"unexpected_argument","details":{"argument":"extra"},"message":"unexpected argument \"extra\""},"schema_version":1}
project-rename-error exit=2 {"error":{"code":"project_rename_confirmation_flags_required","details":{"flags":["--delete-conflicting-redirects","--yes"]},"message":"--delete-conflicting-redirects and --yes must be supplied together"},"schema_version":1}
add-error exit=2 {"error":{"code":"missing_title","message":"add requires a non-empty TITLE"},"schema_version":1}
list-error exit=2 {"error":{"code":"invalid_status","details":{"status":"unknown"},"message":"unknown pellet status \"unknown\""},"schema_version":1}
next-error exit=2 {"error":{"code":"unexpected_argument","details":{"argument":"extra"},"message":"unexpected argument \"extra\""},"schema_version":1}
show-error exit=2 {"error":{"code":"invalid_reference","details":{"reference":"12"},"message":"pellet reference \"12\" must contain a valid project code and a positive canonical decimal number"},"schema_version":1}
edit-error exit=2 {"error":{"code":"missing_edit","message":"at least one editable pellet field is required"},"schema_version":1}
move-error exit=2 {"error":{"code":"missing_placement","message":"move requires --before or --after"},"schema_version":1}
start-error exit=2 {"error":{"code":"missing_reference","message":"start requires a pellet reference"},"schema_version":1}
start-next-error exit=2 {"error":{"code":"unexpected_argument","details":{"argument":"extra"},"message":"unexpected argument \"extra\""},"schema_version":1}
release-error exit=6 {"error":{"code":"confirmation_required","details":{"workspace_id":1},"message":"workspace recovery requires --yes"},"schema_version":1}
close-error exit=2 {"error":{"code":"recovery_workspace_required","details":{"flag":"--yes"},"message":"--yes requires --recover-workspace for lifecycle recovery"},"schema_version":1}
reopen-error exit=2 {"error":{"code":"unexpected_argument","details":{"argument":"extra"},"message":"unexpected argument \"extra\""},"schema_version":1}
defer-error exit=2 {"error":{"code":"invalid_workspace_id","details":{"workspace_id":"01"},"message":"workspace ID must be a positive canonical integer"},"schema_version":1}
search-error exit=2 {"error":{"code":"missing_query","message":"search requires a non-empty QUERY"},"schema_version":1}
purge-error exit=2 {"error":{"code":"missing_required_flag","details":{"flag":"--project"},"message":"purge requires an explicit --project"},"schema_version":1}
memory-add-error exit=2 {"error":{"code":"missing_memory_text","details":{"flags":["--text","--file"]},"message":"memory add requires exactly one of --text or --file"},"schema_version":1}
memory-list-error exit=2 {"error":{"code":"invalid_limit","details":{"limit":"0"},"message":"limit must be a positive integer"},"schema_version":1}
memory-show-error exit=2 {"error":{"code":"missing_memory_id","message":"memory show requires a memory ID"},"schema_version":1}
memory-search-error exit=2 {"error":{"code":"missing_query","message":"memory search requires a non-empty QUERY"},"schema_version":1}
memory-approve-error exit=2 {"error":{"code":"invalid_memory_id","details":{"memory_id":"01"},"message":"memory ID \"01\" must be a positive canonical decimal integer"},"schema_version":1}
memory-remove-error exit=6 {"error":{"code":"confirmation_required","details":{"memory_id":1},"message":"memory removal requires --yes"},"schema_version":1}
skill-install-error exit=2 {"error":{"code":"missing_skill_choices","details":{"missing":["--scope","--agent"]},"message":"skill install requires --scope and --agent when prompts are unavailable"},"schema_version":1}
web-error exit=2 {"error":{"code":"invalid_port","details":{"port":"080"},"message":"port must be a canonical integer from 0 through 65535"},"schema_version":1}
