add-agent {"command":"memory add","data":{"approved_at":null,"created_at":"<timestamp>","created_by":"agent","human_approved":false,"id":1,"project":"shared","text":"shared-123 is ordinary memory text.","updated_at":"<timestamp>"},"schema_version":1}
add-human {"command":"memory add","data":{"approved_at":"<timestamp>","created_at":"<timestamp>","created_by":"human","human_approved":true,"id":2,"project":"shared","text":"reviewed from stdin\n","updated_at":"<timestamp>"},"schema_version":1}
list {"command":"memory list","data":[{"approved_at":"<timestamp>","created_at":"<timestamp>","created_by":"human","human_approved":true,"id":2,"project":"shared","text":"reviewed from stdin\n","updated_at":"<timestamp>"},{"approved_at":null,"created_at":"<timestamp>","created_by":"agent","human_approved":false,"id":1,"project":"shared","text":"shared-123 is ordinary memory text.","updated_at":"<timestamp>"}],"schema_version":1}
list-approved-limit {"command":"memory list","data":[{"approved_at":"<timestamp>","created_at":"<timestamp>","created_by":"human","human_approved":true,"id":2,"project":"shared","text":"reviewed from stdin\n","updated_at":"<timestamp>"}],"schema_version":1}
show {"command":"memory show","data":{"approved_at":null,"created_at":"<timestamp>","created_by":"agent","human_approved":false,"id":1,"project":"shared","text":"shared-123 is ordinary memory text.","updated_at":"<timestamp>"},"schema_version":1}
approve {"command":"memory approve","data":{"approved_at":"<timestamp>","created_at":"<timestamp>","created_by":"agent","human_approved":true,"id":1,"project":"shared","text":"shared-123 is ordinary memory text.","updated_at":"<timestamp>"},"schema_version":1}
approve-repeat {"command":"memory approve","data":{"approved_at":"<timestamp>","created_at":"<timestamp>","created_by":"agent","human_approved":true,"id":1,"project":"shared","text":"shared-123 is ordinary memory text.","updated_at":"<timestamp>"},"schema_version":1}
