add-open {"command":"add","data":{"completed_at":null,"created_at":"<timestamp>","description":"stdin description\n","external_id":"Case:Exact","group":"Rollout/A","id":"shared-1","number":1,"priority":1024,"project":"shared","status":"open","title":"First from main","updated_at":"<timestamp>","workspace":null},"schema_version":1}
add-placed {"command":"add","data":{"completed_at":null,"created_at":"<timestamp>","description":"","external_id":"Case:Exact","group":"Rollout/A","id":"shared-2","number":2,"priority":2048,"project":"shared","status":"open","title":"Second from linked","updated_at":"<timestamp>","workspace":null},"schema_version":1}
add-deferred {"command":"add","data":{"completed_at":null,"created_at":"<timestamp>","description":"","external_id":"Case:Exact","group":"Rollout/A","id":"shared-3","number":3,"priority":null,"project":"shared","status":"maybe_later","title":"Maybe later","updated_at":"<timestamp>","workspace":null},"schema_version":1}
move {"command":"move","data":{"completed_at":null,"created_at":"<timestamp>","description":"","external_id":"Case:Exact","group":"Rollout/A","id":"shared-2","number":2,"priority":2048,"project":"shared","status":"open","title":"Second from linked","updated_at":"<timestamp>","workspace":null},"schema_version":1}
list-default {"command":"list","data":[{"completed_at":null,"created_at":"<timestamp>","description":"stdin description\n","external_id":"Case:Exact","group":"Rollout/A","id":"shared-1","number":1,"priority":1024,"project":"shared","status":"in_progress","title":"First from main","updated_at":"<timestamp>","workspace":{"git_dir":"main/.git","git_dir_relative":true,"id":1,"root_path":"main","root_path_relative":true}},{"completed_at":null,"created_at":"<timestamp>","description":"","external_id":"Case:Exact","group":"Rollout/A","id":"shared-2","number":2,"priority":2048,"project":"shared","status":"open","title":"Second from linked","updated_at":"<timestamp>","workspace":null}],"schema_version":1}
next-resume {"command":"next","data":{"pellet":{"completed_at":null,"created_at":"<timestamp>","description":"stdin description\n","external_id":"Case:Exact","group":"Rollout/A","id":"shared-1","number":1,"priority":1024,"project":"shared","status":"in_progress","title":"First from main","updated_at":"<timestamp>","workspace":{"git_dir":"main/.git","git_dir_relative":true,"id":1,"root_path":"main","root_path_relative":true}},"selection_reason":"resume_in_progress"},"schema_version":1}
next-open {"command":"next","data":{"pellet":{"completed_at":null,"created_at":"<timestamp>","description":"","external_id":"Case:Exact","group":"Rollout/A","id":"shared-2","number":2,"priority":2048,"project":"shared","status":"open","title":"Second from linked","updated_at":"<timestamp>","workspace":null},"selection_reason":"next_open"},"schema_version":1}
show {"command":"show","data":{"completed_at":null,"created_at":"<timestamp>","description":"stdin description\n","external_id":"Case:Exact","group":"Rollout/A","id":"shared-1","number":1,"priority":1024,"project":"shared","status":"in_progress","title":"First from main","updated_at":"<timestamp>","workspace":{"git_dir":"main/.git","git_dir_relative":true,"id":1,"root_path":"main","root_path_relative":true}},"schema_version":1}
edit {"command":"edit","data":{"completed_at":null,"created_at":"<timestamp>","description":"edited from file\n","external_id":null,"group":null,"id":"shared-2","number":2,"priority":2048,"project":"shared","status":"open","title":"Second edited","updated_at":"<timestamp>","workspace":null},"schema_version":1}
list-status {"command":"list","data":[{"completed_at":null,"created_at":"<timestamp>","description":"","external_id":"Case:Exact","group":"Rollout/A","id":"shared-3","number":3,"priority":null,"project":"shared","status":"maybe_later","title":"Maybe later","updated_at":"<timestamp>","workspace":null}],"schema_version":1}
list-all {"command":"list","data":[{"completed_at":null,"created_at":"<timestamp>","description":"stdin description\n","external_id":"Case:Exact","group":"Rollout/A","id":"shared-1","number":1,"priority":1024,"project":"shared","status":"in_progress","title":"First from main","updated_at":"<timestamp>","workspace":{"git_dir":"main/.git","git_dir_relative":true,"id":1,"root_path":"main","root_path_relative":true}},{"completed_at":null,"created_at":"<timestamp>","description":"edited from file\n","external_id":null,"group":null,"id":"shared-2","number":2,"priority":2048,"project":"shared","status":"open","title":"Second edited","updated_at":"<timestamp>","workspace":null},{"completed_at":null,"created_at":"<timestamp>","description":"","external_id":"Case:Exact","group":"Rollout/A","id":"shared-3","number":3,"priority":null,"project":"shared","status":"maybe_later","title":"Maybe later","updated_at":"<timestamp>","workspace":null}],"schema_version":1}
list-exact-limit {"command":"list","data":[{"completed_at":null,"created_at":"<timestamp>","description":"stdin description\n","external_id":"Case:Exact","group":"Rollout/A","id":"shared-1","number":1,"priority":1024,"project":"shared","status":"in_progress","title":"First from main","updated_at":"<timestamp>","workspace":{"git_dir":"main/.git","git_dir_relative":true,"id":1,"root_path":"main","root_path_relative":true}}],"schema_version":1}
list-empty {"command":"list","data":[],"schema_version":1}
next-none {"command":"next","data":{"pellet":null,"selection_reason":"none"},"schema_version":1}
