start-success {"command":"start","data":{"completed_at":null,"created_at":"<timestamp>","description":"","external_id":null,"group":null,"id":"shared-1","number":1,"priority":1024,"project":"shared","status":"in_progress","title":"primary lifecycle","updated_at":"<timestamp>","workspace":{"git_dir":"main/.git","git_dir_relative":true,"id":1,"root_path":"main","root_path_relative":true}},"schema_version":1}
start-idempotent-resume {"command":"start","data":{"completed_at":null,"created_at":"<timestamp>","description":"","external_id":null,"group":null,"id":"shared-1","number":1,"priority":1024,"project":"shared","status":"in_progress","title":"primary lifecycle","updated_at":"<timestamp>","workspace":{"git_dir":"main/.git","git_dir_relative":true,"id":1,"root_path":"main","root_path_relative":true}},"schema_version":1}
error-workspace-already-in-progress {"error":{"code":"workspace_already_in_progress","details":{"pellet_id":"shared-1","workspace_id":1},"message":"workspace 1 already owns shared-1"},"schema_version":1}
error-pellet-in-progress-elsewhere {"error":{"code":"pellet_in_progress_elsewhere","details":{"pellet_id":"shared-1","workspace_id":1},"message":"shared-1 is in progress in workspace 1"},"schema_version":1}
error-confirmation-required {"error":{"code":"confirmation_required","details":{"workspace_id":1},"message":"workspace recovery requires --yes"},"schema_version":1}
error-recovery-workspace-mismatch {"error":{"code":"recovery_workspace_mismatch","details":{"owner_workspace_id":1,"pellet_id":"shared-1","provided_workspace_id":2},"message":"the supplied recovery workspace does not own the pellet"},"schema_version":1}
release-recovered {"command":"release","data":{"completed_at":null,"created_at":"<timestamp>","description":"","external_id":null,"group":null,"id":"shared-1","number":1,"priority":1024,"project":"shared","recovered_workspace":{"git_dir":"main/.git","git_dir_relative":true,"id":1,"root_path":"main","root_path_relative":true},"status":"open","title":"primary lifecycle","updated_at":"<timestamp>","workspace":null},"schema_version":1}
release-owner {"command":"release","data":{"completed_at":null,"created_at":"<timestamp>","description":"","external_id":null,"group":null,"id":"shared-2","number":2,"priority":2048,"project":"shared","status":"open","title":"secondary lifecycle","updated_at":"<timestamp>","workspace":null},"schema_version":1}
start-next-open {"command":"start-next","data":{"pellet":{"completed_at":null,"created_at":"<timestamp>","description":"","external_id":null,"group":null,"id":"shared-1","number":1,"priority":1024,"project":"shared","status":"in_progress","title":"primary lifecycle","updated_at":"<timestamp>","workspace":{"git_dir":"main/.git/worktrees/linked","git_dir_relative":true,"id":2,"root_path":"linked","root_path_relative":true}},"selection_reason":"next_open"},"schema_version":1}
start-next-resume {"command":"start-next","data":{"pellet":{"completed_at":null,"created_at":"<timestamp>","description":"","external_id":null,"group":null,"id":"shared-1","number":1,"priority":1024,"project":"shared","status":"in_progress","title":"primary lifecycle","updated_at":"<timestamp>","workspace":{"git_dir":"main/.git/worktrees/linked","git_dir_relative":true,"id":2,"root_path":"linked","root_path_relative":true}},"selection_reason":"resume_in_progress"},"schema_version":1}
close-owner {"command":"close","data":{"completed_at":"<timestamp>","created_at":"<timestamp>","description":"","external_id":null,"group":null,"id":"shared-1","number":1,"priority":null,"project":"shared","status":"closed","title":"primary lifecycle","updated_at":"<timestamp>","workspace":null},"schema_version":1}
reopen {"command":"reopen","data":{"completed_at":null,"created_at":"<timestamp>","description":"","external_id":null,"group":null,"id":"shared-1","number":1,"priority":4096,"project":"shared","status":"open","title":"primary lifecycle","updated_at":"<timestamp>","workspace":null},"schema_version":1}
start-next-none {"command":"start-next","data":{"pellet":null,"selection_reason":"none"},"schema_version":1}
defer-owner {"command":"defer","data":{"completed_at":null,"created_at":"<timestamp>","description":"","external_id":null,"group":null,"id":"shared-1","number":1,"priority":null,"project":"shared","status":"maybe_later","title":"primary lifecycle","updated_at":"<timestamp>","workspace":null},"schema_version":1}
close-recovered {"command":"close","data":{"completed_at":"<timestamp>","created_at":"<timestamp>","description":"","external_id":null,"group":null,"id":"shared-2","number":2,"priority":null,"project":"shared","recovered_workspace":{"git_dir":"main/.git","git_dir_relative":true,"id":1,"root_path":"main","root_path_relative":true},"status":"closed","title":"secondary lifecycle","updated_at":"<timestamp>","workspace":null},"schema_version":1}
defer-recovered {"command":"defer","data":{"completed_at":null,"created_at":"<timestamp>","description":"","external_id":null,"group":null,"id":"shared-3","number":3,"priority":null,"project":"shared","recovered_workspace":{"git_dir":"main/.git","git_dir_relative":true,"id":1,"root_path":"main","root_path_relative":true},"status":"maybe_later","title":"recovered lifecycle","updated_at":"<timestamp>","workspace":null},"schema_version":1}
error-start-next-conflict {"error":{"code":"start_next_conflict","details":{"attempts":2,"workspace_id":2},"message":"could not assign the next eligible pellet after bounded retry"},"schema_version":1}
error-database-busy {"error":{"code":"database_busy","details":{"operation":"begin start-next"},"message":"the Pellets database is busy"},"schema_version":1}
