search-hyphen {"command":"search","data":[{"completed_at":null,"created_at":"<timestamp>","description":"c++ (broken \"quote","external_id":"Case:Exact","group":"Rollout/A","id":"search-1","number":1,"priority":1024,"project":"search","status":"open","title":"Searchtoken pl-im9 parser_code","updated_at":"<timestamp>","workspace":null}],"schema_version":1}
search-underscore {"command":"search","data":[{"completed_at":null,"created_at":"<timestamp>","description":"c++ (broken \"quote","external_id":"Case:Exact","group":"Rollout/A","id":"search-1","number":1,"priority":1024,"project":"search","status":"open","title":"Searchtoken pl-im9 parser_code","updated_at":"<timestamp>","workspace":null}],"schema_version":1}
search-external-text {"command":"search","data":[{"completed_at":null,"created_at":"<timestamp>","description":"c++ (broken \"quote","external_id":"Case:Exact","group":"Rollout/A","id":"search-1","number":1,"priority":1024,"project":"search","status":"open","title":"Searchtoken pl-im9 parser_code","updated_at":"<timestamp>","workspace":null}],"schema_version":1}
search-all-statuses {"command":"search","data":[{"completed_at":null,"created_at":"<timestamp>","description":"","external_id":null,"group":null,"id":"search-2","number":2,"priority":2048,"project":"search","status":"open","title":"ranktoken","updated_at":"<timestamp>","workspace":null},{"completed_at":"<timestamp>","created_at":"<timestamp>","description":"","external_id":null,"group":null,"id":"search-4","number":4,"priority":null,"project":"search","status":"closed","title":"ranktoken","updated_at":"<timestamp>","workspace":null},{"completed_at":null,"created_at":"<timestamp>","description":"","external_id":null,"group":null,"id":"search-3","number":3,"priority":null,"project":"search","status":"maybe_later","title":"ranktoken","updated_at":"<timestamp>","workspace":null}],"schema_version":1}
search-status {"command":"search","data":[{"completed_at":null,"created_at":"<timestamp>","description":"","external_id":null,"group":null,"id":"search-3","number":3,"priority":null,"project":"search","status":"maybe_later","title":"ranktoken","updated_at":"<timestamp>","workspace":null}],"schema_version":1}
search-exact-filters {"command":"search","data":[{"completed_at":null,"created_at":"<timestamp>","description":"c++ (broken \"quote","external_id":"Case:Exact","group":"Rollout/A","id":"search-1","number":1,"priority":1024,"project":"search","status":"open","title":"Searchtoken pl-im9 parser_code","updated_at":"<timestamp>","workspace":null}],"schema_version":1}
search-limit {"command":"search","data":[{"completed_at":null,"created_at":"<timestamp>","description":"","external_id":null,"group":null,"id":"search-2","number":2,"priority":2048,"project":"search","status":"open","title":"ranktoken","updated_at":"<timestamp>","workspace":null}],"schema_version":1}
search-malformed-as-text {"command":"search","data":[],"schema_version":1}
