{"schema_version":1,"command":"project show","data":{"code":"foo","git_common_dir":"main/.git","git_common_dir_relative":true,"workspaces":[{"id":1,"root_path":"main","root_path_relative":true,"git_dir":"main/.git","git_dir_relative":true,"created_at":"2026-08-28T20:00:00Z","updated_at":"2026-08-28T20:00:00Z"},{"id":2,"root_path":"linked 界","root_path_relative":true,"git_dir":"main/.git/worktrees/linked","git_dir_relative":true,"created_at":"2026-08-28T20:01:00Z","updated_at":"2026-08-28T20:01:00Z"}],"redirects":[],"created_at":"2026-08-28T20:00:00Z","updated_at":"2026-08-28T20:01:00Z"}}
